2026-07-30 12:44:18 | INFO | 运行模式: LightGBM tabular regression
2026-07-30 12:44:18 | INFO | LightGBM参数: n_estimators=600, learning_rate=0.03, num_leaves=31, min_child_samples=20, num_threads=8
2026-07-30 12:44:18 | INFO | 训练采样: train_target_days=240, max_stocks_per_day=0
2026-07-30 12:44:18 | INFO | 读取数据: data/stock_data.csv | 行数=184926 | 股票数=300 | 交易日=620 | 范围=2024-01-02 ~ 2026-07-27
2026-07-30 12:44:18 | INFO | 数据清洗: 平盘补零=258 行 / 1032 个缺失单元, 删除异常=0 行, 清洗后=184926 行
2026-07-30 12:44:18 | INFO | 训练目标日期: 2025-07-16 ~ 2026-07-13
2026-07-30 12:44:18 | INFO | 训练取数范围: 2025-05-14 ~ 2026-07-13 (包含序列上下文)
2026-07-30 12:44:18 | INFO | 验证目标日期: 2026-07-14 ~ 2026-07-20
2026-07-30 12:44:18 | INFO | 验证取数范围: 2026-05-12 ~ 2026-07-27 (包含 44 个交易日上下文)
2026-07-30 12:44:18 | INFO | 股票映射数量: 300
2026-07-30 12:44:18 | INFO | 开始特征工程: 股票数=300, 进程数=6
2026-07-30 12:44:19 | INFO | 特征工程: 已应用横截面 rank 特征 mode=replace, replace_set=default, rank列=22, 输入特征=38
2026-07-30 12:44:19 | INFO | 特征工程: 已从输入特征中移除 instrument，股票代码仅用于分组和输出
2026-07-30 12:44:19 | INFO | 开始验证集特征工程: 股票数=300, 进程数=6
2026-07-30 12:44:20 | INFO | 验证集特征工程: 已应用横截面 rank 特征 mode=replace, replace_set=default, rank列=22, 输入特征=38
2026-07-30 12:44:20 | INFO | 验证集特征工程: 已从输入特征中移除 instrument，股票代码仅用于分组和输出
2026-07-30 12:44:20 | INFO | 特征数量: 38
2026-07-30 12:44:20 | INFO | 训练样本: 行=70406, 目标日=235 | 验证样本: 行=1500, 目标日=5 | 特征耗时=2s
2026-07-30 12:44:21 | INFO | Train RMSE: 0.045497 | final_score=0.727632
2026-07-30 12:44:21 | INFO | Eval RMSE: 0.072208 | final_score=-0.151946
2026-07-30 12:44:21 | INFO | 模型已保存: ./model/submission/lgbm_rank_replace/model.pkl
2026-07-30 12:44:21 | INFO | 特征说明已保存: ./model/submission/lgbm_rank_replace/features.json
2026-07-30 12:44:21 | INFO | 训练完成: 总耗时=4s
2026-07-30 12:44:21 | INFO | ########## LightGBM 训练完成！验证 final score: -0.1519 ##########
